[www.csacash.com/index.html]
[external.html]
[backblue.gif]
[fade.gif]
[index.html]
[www.csacash.com/index-2.html]
[www.csacash.com/assets/img/myoodnowonedollar.jpg]
[www.csacash.com/assets/css/bootstrap.css]
[www.csacash.com/assets/css/font-awesome.css]
[www.csacash.com/assets/css/style.css]
[www.csacash.com/index-3.html]
[www.csacash.com/assets/img/cslog.png]
[www.csacash.com/client-area/register.html]
[www.csacash.com/client-area/login.html]
[www.csacash.com/faq.html]
[www.csacash.com/work.html]
[www.csacash.com/client-area/proof.html]
[www.csacash.com/Contact.html]
[www.csacash.com/assets/img/mn.jpg]
[www.csacash.com/assets/img/3.jpg]
[www.csacash.com/assets/img/paymentmethods2.png]
[www.csacash.com/cdn-cgi/scripts/5c5dd728/cloudflare-static/email-decode.min.js]
[www.csacash.com/assets/js/jquery-1.11.1.js]
[www.csacash.com/assets/js/bootstrap.js]
[www.csacash.com/index.html]
[www.csacash.com/index-2.html]
[www.csacash.com/assets/fonts/glyphicons-halflings-regular.eot]
[www.csacash.com/assets/fonts/glyphicons-halflings-regulard41dd41d.eot]
[www.csacash.com/assets/fonts/glyphicons-halflings-regular.woff2]
[www.csacash.com/assets/fonts/glyphicons-halflings-regular.woff]
[www.csacash.com/assets/fonts/glyphicons-halflings-regular.ttf]
[www.csacash.com/assets/fonts/glyphicons-halflings-regular.svg]
[www.csacash.com/assets/css/bootstrap.css]
[www.csacash.com/assets/fonts/fontawesome-webfonte0a5e0a5.eot]
[www.csacash.com/assets/fonts/fontawesome-webfontd41dd41d.eot]
[www.csacash.com/assets/fonts/fontawesome-webfonte0a5e0a5.woff2]
[www.csacash.com/assets/fonts/fontawesome-webfonte0a5e0a5.woff]
[www.csacash.com/assets/fonts/fontawesome-webfonte0a5e0a5.ttf]
[www.csacash.com/assets/css/font-awesome.css]
[www.csacash.com/assets/css/style.css]
[www.csacash.com/ajax.googleapis.com/ajax/libs/jquery/1.11.0/jquery.min.html]
[www.csacash.com/index-3.html]
[www.csacash.com/assets/fonts/fontawesome-webfonte0a5e0a5.svg]
[www.csacash.com/client-area/assets/images/favicon.ico]
[www.csacash.com/client-area/assets/css/bootstrap/css/bootstrap.min.css]
[www.csacash.com/client-area/assets/icon/themify-icons/themify-icons.css]
[www.csacash.com/client-area/assets/icon/font-awesome/css/font-awesome.min.css]
[www.csacash.com/client-area/assets/icon/icofont/css/icofont.css]
[www.csacash.com/client-area/assets/css/style.css]
[www.csacash.com/client-area/assets/css/jquery.mCustomScrollbar.css]
[kit.fontawesome.com/68047a2b4e.js]
[www.csacash.com/client-area/index.html]
[www.csacash.com/client-area/img/logo.png]
[www.csacash.com/client-area/contact.html]
[www.csacash.com/client-area/assets/js/jquery/jquery.min.js]
[www.csacash.com/client-area/assets/js/jquery-ui/jquery-ui.min.js]
[www.csacash.com/client-area/assets/js/popper.js/popper.min.js]
[www.csacash.com/client-area/assets/js/bootstrap/js/bootstrap.min.js]
[www.csacash.com/client-area/assets/js/jquery-slimscroll/jquery.slimscroll.js]
[www.csacash.com/client-area/assets/js/modernizr/modernizr.js]
[www.csacash.com/client-area/assets/pages/widget/amchart/serial.min.js]
[www.csacash.com/client-area/assets/pages/widget/amchart/amcharts.min.js]
[www.csacash.com/client-area/assets/js/chart.js/Chart.js]
[www.csacash.com/client-area/assets/pages/todo/todo.js]
[www.csacash.com/client-area/assets/pages/dashboard/custom-dashboard.min.js]
[www.csacash.com/client-area/assets/js/script.js]
[www.csacash.com/client-area/assets/js/SmoothScroll.js]
[www.csacash.com/client-area/assets/js/pcoded.min.js]
[www.csacash.com/client-area/assets/js/vartical-demo.js]
[www.csacash.com/client-area/register.html]
[www.csacash.com/client-area/login.html]
[www.csacash.com/client-area/assets/js/jquery.mCustomScrollbar.concat.min.js]
[www.csacash.com/faq.html]
[www.csacash.com/work.html]
[www.csacash.com/client-area/proof.html]
[www.csacash.com/Contact.html]
[www.csacash.com/assets/fonts/glyphicons-halflings-regular.svg]
[www.csacash.com/assets/fonts/fontawesome-webfonte0a5e0a5.svg]
[www.csacash.com/client-area/assets/css/bootstrap/css/bootstrap.min.css]
[www.csacash.com/client-area/assets/icon/themify-icons/fonts/themify9f24.eot]
[www.csacash.com/client-area/assets/icon/themify-icons/fonts/themifyd41d.eot]
[www.csacash.com/client-area/assets/icon/themify-icons/fonts/themify9f24.woff]
[www.csacash.com/client-area/assets/icon/themify-icons/fonts/themify9f24.ttf]
[www.csacash.com/client-area/assets/icon/themify-icons/themify-icons.css]
[www.csacash.com/client-area/assets/icon/font-awesome/fonts/fontawesome-webfont3e6e.eot]
[www.csacash.com/client-area/assets/icon/themify-icons/fonts/themify9f24.svg]
[www.csacash.com/client-area/assets/icon/font-awesome/fonts/fontawesome-webfontd41d.eot]
[www.csacash.com/client-area/assets/icon/font-awesome/fonts/fontawesome-webfont3e6e.woff2]
[www.csacash.com/client-area/assets/icon/font-awesome/fonts/fontawesome-webfont3e6e.woff]
[www.csacash.com/client-area/assets/icon/font-awesome/fonts/fontawesome-webfont3e6e.ttf]
[www.csacash.com/client-area/assets/icon/font-awesome/css/font-awesome.min.css]
[www.csacash.com/client-area/assets/icon/font-awesome/fonts/fontawesome-webfont3e6e.svg]
[www.csacash.com/client-area/assets/icon/icofont/fonts/icofont7858.eot]
[www.csacash.com/client-area/assets/icon/icofont/fonts/icofont7858.ttf]
[www.csacash.com/client-area/assets/icon/icofont/fonts/icofont7858.woff]
[www.csacash.com/client-area/assets/icon/icofont/css/icofont.css]
[www.csacash.com/client-area/assets/icon/icofont/fonts/icofont7858.svg]
[www.csacash.com/client-area/assets/css/style.css]
[www.csacash.com/client-area/assets/css/jquery.mCustomScrollbar.css]
[www.csacash.com/client-area/index.html]
[www.csacash.com/client-area/contact.html]
[www.csacash.com/register.html]
[www.csacash.com/client-area/assets/icon/themify-icons/fonts/themify9f24.svg]
[www.csacash.com/client-area/assets/icon/font-awesome/fonts/fontawesome-webfont3e6e.svg]
[www.csacash.com/client-area/assets/icon/icofont/fonts/icofont7858.svg]
[www.csacash.com/client-area/assets/images/tooltip/tooltip1.html]
[www.csacash.com/client-area/assets/images/tooltip/shape1.html]
[www.csacash.com/client-area/assets/pages/treeview/throbber.html]
[www.csacash.com/client-area/assets/images/logo-compact.html]
[www.csacash.com/client-area/assets/images/navbar-img-1.html]
[www.csacash.com/client-area/assets/images/navbar-img-2.html]
[www.csacash.com/client-area/assets/images/navbar-img-3.html]
[www.csacash.com/client-area/assets/images/navbar-img-4.html]
[www.csacash.com/client-area/assets/images/navbar-img-5.html]
[www.csacash.com/client-area/assets/images/details_open.html]
[www.csacash.com/client-area/assets/images/details_close.html]
[www.csacash.com/client-area/assets/images/chat-bg.html]
[www.csacash.com/client-area/assets/css/mCSB_buttons.html]
